Archive member included to satisfy reference by file (symbol)

/home/mati/st/stm32cubeide_1.18.1/plugins/com.st.stm32cube.ide.mcu.externaltools.gnu-tools-for-stm32.13.3.rel1.linux64_1.0.0.202410170706/tools/bin/../lib/gcc/arm-none-eabi/13.3.1/../../../../arm-none-eabi/lib/thumb/v7-m/nofp/libc_nano.a(libc_a-exit.o)
                              /home/mati/st/stm32cubeide_1.18.1/plugins/com.st.stm32cube.ide.mcu.externaltools.gnu-tools-for-stm32.13.3.rel1.linux64_1.0.0.202410170706/tools/bin/../lib/gcc/arm-none-eabi/13.3.1/../../../../arm-none-eabi/lib/thumb/v7-m/nofp/crt0.o (exit)
/home/mati/st/stm32cubeide_1.18.1/plugins/com.st.stm32cube.ide.mcu.externaltools.gnu-tools-for-stm32.13.3.rel1.linux64_1.0.0.202410170706/tools/bin/../lib/gcc/arm-none-eabi/13.3.1/../../../../arm-none-eabi/lib/thumb/v7-m/nofp/libc_nano.a(libc_a-findfp.o)
                              /home/mati/st/stm32cubeide_1.18.1/plugins/com.st.stm32cube.ide.mcu.externaltools.gnu-tools-for-stm32.13.3.rel1.linux64_1.0.0.202410170706/tools/bin/../lib/gcc/arm-none-eabi/13.3.1/../../../../arm-none-eabi/lib/thumb/v7-m/nofp/libc_nano.a(libc_a-exit.o) (__stdio_exit_handler)
/home/mati/st/stm32cubeide_1.18.1/plugins/com.st.stm32cube.ide.mcu.externaltools.gnu-tools-for-stm32.13.3.rel1.linux64_1.0.0.202410170706/tools/bin/../lib/gcc/arm-none-eabi/13.3.1/../../../../arm-none-eabi/lib/thumb/v7-m/nofp/libc_nano.a(libc_a-fwalk.o)
                              /home/mati/st/stm32cubeide_1.18.1/plugins/com.st.stm32cube.ide.mcu.externaltools.gnu-tools-for-stm32.13.3.rel1.linux64_1.0.0.202410170706/tools/bin/../lib/gcc/arm-none-eabi/13.3.1/../../../../arm-none-eabi/lib/thumb/v7-m/nofp/libc_nano.a(libc_a-findfp.o) (_fwalk_sglue)
/home/mati/st/stm32cubeide_1.18.1/plugins/com.st.stm32cube.ide.mcu.externaltools.gnu-tools-for-stm32.13.3.rel1.linux64_1.0.0.202410170706/tools/bin/../lib/gcc/arm-none-eabi/13.3.1/../../../../arm-none-eabi/lib/thumb/v7-m/nofp/libc_nano.a(libc_a-sprintf.o)
                              ./Core/Src/lcd.o (sprintf)
/home/mati/st/stm32cubeide_1.18.1/plugins/com.st.stm32cube.ide.mcu.externaltools.gnu-tools-for-stm32.13.3.rel1.linux64_1.0.0.202410170706/tools/bin/../lib/gcc/arm-none-eabi/13.3.1/../../../../arm-none-eabi/lib/thumb/v7-m/nofp/libc_nano.a(libc_a-stdio.o)
                              /home/mati/st/stm32cubeide_1.18.1/plugins/com.st.stm32cube.ide.mcu.externaltools.gnu-tools-for-stm32.13.3.rel1.linux64_1.0.0.202410170706/tools/bin/../lib/gcc/arm-none-eabi/13.3.1/../../../../arm-none-eabi/lib/thumb/v7-m/nofp/libc_nano.a(libc_a-findfp.o) (__sread)
/home/mati/st/stm32cubeide_1.18.1/plugins/com.st.stm32cube.ide.mcu.externaltools.gnu-tools-for-stm32.13.3.rel1.linux64_1.0.0.202410170706/tools/bin/../lib/gcc/arm-none-eabi/13.3.1/../../../../arm-none-eabi/lib/thumb/v7-m/nofp/libc_nano.a(libc_a-memset.o)
                              /home/mati/st/stm32cubeide_1.18.1/plugins/com.st.stm32cube.ide.mcu.externaltools.gnu-tools-for-stm32.13.3.rel1.linux64_1.0.0.202410170706/tools/bin/../lib/gcc/arm-none-eabi/13.3.1/../../../../arm-none-eabi/lib/thumb/v7-m/nofp/crt0.o (memset)
/home/mati/st/stm32cubeide_1.18.1/plugins/com.st.stm32cube.ide.mcu.externaltools.gnu-tools-for-stm32.13.3.rel1.linux64_1.0.0.202410170706/tools/bin/../lib/gcc/arm-none-eabi/13.3.1/../../../../arm-none-eabi/lib/thumb/v7-m/nofp/libc_nano.a(libc_a-closer.o)
                              /home/mati/st/stm32cubeide_1.18.1/plugins/com.st.stm32cube.ide.mcu.externaltools.gnu-tools-for-stm32.13.3.rel1.linux64_1.0.0.202410170706/tools/bin/../lib/gcc/arm-none-eabi/13.3.1/../../../../arm-none-eabi/lib/thumb/v7-m/nofp/libc_nano.a(libc_a-stdio.o) (_close_r)
/home/mati/st/stm32cubeide_1.18.1/plugins/com.st.stm32cube.ide.mcu.externaltools.gnu-tools-for-stm32.13.3.rel1.linux64_1.0.0.202410170706/tools/bin/../lib/gcc/arm-none-eabi/13.3.1/../../../../arm-none-eabi/lib/thumb/v7-m/nofp/libc_nano.a(libc_a-reent.o)
                              /home/mati/st/stm32cubeide_1.18.1/plugins/com.st.stm32cube.ide.mcu.externaltools.gnu-tools-for-stm32.13.3.rel1.linux64_1.0.0.202410170706/tools/bin/../lib/gcc/arm-none-eabi/13.3.1/../../../../arm-none-eabi/lib/thumb/v7-m/nofp/libc_nano.a(libc_a-closer.o) (errno)
/home/mati/st/stm32cubeide_1.18.1/plugins/com.st.stm32cube.ide.mcu.externaltools.gnu-tools-for-stm32.13.3.rel1.linux64_1.0.0.202410170706/tools/bin/../lib/gcc/arm-none-eabi/13.3.1/../../../../arm-none-eabi/lib/thumb/v7-m/nofp/libc_nano.a(libc_a-impure.o)
                              /home/mati/st/stm32cubeide_1.18.1/plugins/com.st.stm32cube.ide.mcu.externaltools.gnu-tools-for-stm32.13.3.rel1.linux64_1.0.0.202410170706/tools/bin/../lib/gcc/arm-none-eabi/13.3.1/../../../../arm-none-eabi/lib/thumb/v7-m/nofp/libc_nano.a(libc_a-sprintf.o) (_impure_ptr)
/home/mati/st/stm32cubeide_1.18.1/plugins/com.st.stm32cube.ide.mcu.externaltools.gnu-tools-for-stm32.13.3.rel1.linux64_1.0.0.202410170706/tools/bin/../lib/gcc/arm-none-eabi/13.3.1/../../../../arm-none-eabi/lib/thumb/v7-m/nofp/libc_nano.a(libc_a-lseekr.o)
[...]
Memory Configuration

Name             Origin             Length             Attributes
RAM              0x20000000         0x00005000         xrw
FLASH            0x08000000         0x00010000         xr
*default*        0x00000000         0xffffffff

Linker script and memory map

LOAD /home/mati/st/stm32cubeide_1.18.1/plugins/com.st.stm32cube.ide.mcu.externaltools.gnu-tools-for-stm32.13.3.rel1.linux64_1.0.0.202410170706/tools/bin/../lib/gcc/arm-none-eabi/13.3.1/thumb/v7-m/nofp/crti.o
LOAD /home/mati/st/stm32cubeide_1.18.1/plugins/com.st.stm32cube.ide.mcu.externaltools.gnu-tools-for-stm32.13.3.rel1.linux64_1.0.0.202410170706/tools/bin/../lib/gcc/arm-none-eabi/13.3.1/thumb/v7-m/nofp/crtbegin.o
LOAD /home/mati/st/stm32cubeide_1.18.1/plugins/com.st.stm32cube.ide.mcu.externaltools.gnu-tools-for-stm32.13.3.rel1.linux64_1.0.0.202410170706/tools/bin/../lib/gcc/arm-none-eabi/13.3.1/../../../../arm-none-eabi/lib/thumb/v7-m/nofp/crt0.o
LOAD ./Core/Src/TMC2209.o
LOAD ./Core/Src/gpio.o
LOAD ./Core/Src/lcd.o
LOAD ./Core/Src/main.o
LOAD ./Core/Src/stm32f1xx_hal_msp.o
LOAD ./Core/Src/stm32f1xx_it.o
LOAD ./Core/Src/syscalls.o
LOAD ./Core/Src/sysmem.o
LOAD ./Core/Src/system_stm32f1xx.o
LOAD ./Core/Src/usart.o
LOAD ./Core/Startup/startup_stm32f103c8tx.o
LOAD ./Drivers/STM32F1xx_HAL_Driver/Src/stm32f1xx_hal.o
LOAD ./Drivers/STM32F1xx_HAL_Driver/Src/stm32f1xx_hal_cortex.o
LOAD ./Drivers/STM32F1xx_HAL_Driver/Src/stm32f1xx_hal_dma.o
LOAD ./Drivers/STM32F1xx_HAL_Driver/Src/stm32f1xx_hal_exti.o
LOAD ./Drivers/STM32F1xx_HAL_Driver/Src/stm32f1xx_hal_flash.o
LOAD ./Drivers/STM32F1xx_HAL_Driver/Src/stm32f1xx_hal_flash_ex.o
LOAD ./Drivers/STM32F1xx_HAL_Driver/Src/stm32f1xx_hal_gpio.o
LOAD ./Drivers/STM32F1xx_HAL_Driver/Src/stm32f1xx_hal_gpio_ex.o
LOAD ./Drivers/STM32F1xx_HAL_Driver/Src/stm32f1xx_hal_pwr.o
LOAD ./Drivers/STM32F1xx_HAL_Driver/Src/stm32f1xx_hal_rcc.o
LOAD ./Drivers/STM32F1xx_HAL_Driver/Src/stm32f1xx_hal_rcc_ex.o
LOAD ./Drivers/STM32F1xx_HAL_Driver/Src/stm32f1xx_hal_uart.o
START GROUP
LOAD /home/mati/st/stm32cubeide_1.18.1/plugins/com.st.stm32cube.ide.mcu.externaltools.gnu-tools-for-stm32.13.3.rel1.linux64_1.0.0.202410170706/tools/bin/../lib/gcc/arm-none-eabi/13.3.1/../../../../arm-none-eabi/lib/thumb/v7-m/nofp/libc_nano.a
LOAD /home/mati/st/stm32cubeide_1.18.1/plugins/com.st.stm32cube.ide.mcu.externaltools.gnu-tools-for-stm32.13.3.rel1.linux64_1.0.0.202410170706/tools/bin/../lib/gcc/arm-none-eabi/13.3.1/../../../../arm-none-eabi/lib/thumb/v7-m/nofp/libm.a
END GROUP
START GROUP
LOAD /home/mati/st/stm32cubeide_1.18.1/plugins/com.st.stm32cube.ide.mcu.externaltools.gnu-tools-for-stm32.13.3.rel1.linux64_1.0.0.202410170706/tools/bin/../lib/gcc/arm-none-eabi/13.3.1/thumb/v7-m/nofp/libgcc.a
LOAD /home/mati/st/stm32cubeide_1.18.1/plugins/com.st.stm32cube.ide.mcu.externaltools.gnu-tools-for-stm32.13.3.rel1.linux64_1.0.0.202410170706/tools/bin/../lib/gcc/arm-none-eabi/13.3.1/../../../../arm-none-eabi/lib/thumb/v7-m/nofp/libc_nano.a
END GROUP
START GROUP
LOAD /home/mati/st/stm32cubeide_1.18.1/plugins/com.st.stm32cube.ide.mcu.externaltools.gnu-tools-for-stm32.13.3.rel1.linux64_1.0.0.202410170706/tools/bin/../lib/gcc/arm-none-eabi/13.3.1/thumb/v7-m/nofp/libgcc.a
LOAD /home/mati/st/stm32cubeide_1.18.1/plugins/com.st.stm32cube.ide.mcu.externaltools.gnu-tools-for-stm32.13.3.rel1.linux64_1.0.0.202410170706/tools/bin/../lib/gcc/arm-none-eabi/13.3.1/../../../../arm-none-eabi/lib/thumb/v7-m/nofp/libc_nano.a
LOAD /home/mati/st/stm32cubeide_1.18.1/plugins/com.st.stm32cube.ide.mcu.externaltools.gnu-tools-for-stm32.13.3.rel1.linux64_1.0.0.202410170706/tools/bin/../lib/gcc/arm-none-eabi/13.3.1/../../../../arm-none-eabi/lib/thumb/v7-m/nofp/libnosys.a
END GROUP
START GROUP
LOAD /home/mati/st/stm32cubeide_1.18.1/plugins/com.st.stm32cube.ide.mcu.externaltools.gnu-tools-for-stm32.13.3.rel1.linux64_1.0.0.202410170706/tools/bin/../lib/gcc/arm-none-eabi/13.3.1/thumb/v7-m/nofp/libgcc.a
LOAD /home/mati/st/stm32cubeide_1.18.1/plugins/com.st.stm32cube.ide.mcu.externaltools.gnu-tools-for-stm32.13.3.rel1.linux64_1.0.0.202410170706/tools/bin/../lib/gcc/arm-none-eabi/13.3.1/../../../../arm-none-eabi/lib/thumb/v7-m/nofp/libc_nano.a
LOAD /home/mati/st/stm32cubeide_1.18.1/plugins/com.st.stm32cube.ide.mcu.externaltools.gnu-tools-for-stm32.13.3.rel1.linux64_1.0.0.202410170706/tools/bin/../lib/gcc/arm-none-eabi/13.3.1/../../../../arm-none-eabi/lib/thumb/v7-m/nofp/libnosys.a
END GROUP
LOAD /home/mati/st/stm32cubeide_1.18.1/plugins/com.st.stm32cube.ide.mcu.externaltools.gnu-tools-for-stm32.13.3.rel1.linux64_1.0.0.202410170706/tools/bin/../lib/gcc/arm-none-eabi/13.3.1/thumb/v7-m/nofp/crtend.o
LOAD /home/mati/st/stm32cubeide_1.18.1/plugins/com.st.stm32cube.ide.mcu.externaltools.gnu-tools-for-stm32.13.3.rel1.linux64_1.0.0.202410170706/tools/bin/../lib/gcc/arm-none-eabi/13.3.1/thumb/v7-m/nofp/crtn.o
                0x20005000                        _estack = (ORIGIN (RAM) + LENGTH (RAM))
                0x00000200                        _Min_Heap_Size = 0x200
                0x00000400                        _Min_Stack_Size = 0x400

.isr_vector     0x08000000      0x10c
                0x08000000                        . = ALIGN (0x4)
 *(.isr_vector)
 .isr_vector    0x08000000      0x10c ./Core/Startup/startup_stm32f103c8tx.o
                0x08000000                g_pfnVectors
                0x0800010c                        . = ALIGN (0x4)

.text           0x0800010c     0x26b0
                0x0800010c                        . = ALIGN (0x4)
 *(.text)
 .text          0x0800010c       0x40 /home/mati/st/stm32cubeide_1.18.1/plugins/com.st.stm32cube.ide.mcu.externaltools.gnu-tools-for-stm32.13.3.rel1.linux64_1.0.0.202410170706/tools/bin/../lib/gcc/arm-none-eabi/13.3.1/thumb/v7-m/nofp/crtbegin.o
 .text          0x0800014c      0x21c /home/mati/st/stm32cubeide_1.18.1/plugins/com.st.stm32cube.ide.mcu.externaltools.gnu-tools-for-stm32.13.3.rel1.linux64_1.0.0.202410170706/tools/bin/../lib/gcc/arm-none-eabi/13.3.1/thumb/v7-m/nofp/libgcc.a(_arm_addsubsf3.o)
                0x0800014c                __aeabi_frsub
                0x08000154                __subsf3
                0x08000154                __aeabi_fsub
                0x08000158                __aeabi_fadd
                0x08000158                __addsf3
                0x080002b8                __aeabi_ui2f
                0x080002b8                __floatunsisf
                0x080002c0                __aeabi_i2f
                0x080002c0                __floatsisf
                0x080002dc                __floatundisf
                0x080002dc                __aeabi_ul2f
                0x080002ec                __floatdisf
                0x080002ec                __aeabi_l2f
 .text          0x08000368      0x2a0 /home/mati/st/stm32cubeide_1.18.1/plugins/com.st.stm32cube.ide.mcu.externaltools.gnu-tools-for-stm32.13.3.rel1.linux64_1.0.0.202410170706/tools/bin/../lib/gcc/arm-none-eabi/13.3.1/thumb/v7-m/nofp/libgcc.a(_arm_muldivsf3.o)
                0x08000368                __mulsf3
                0x08000368                __aeabi_fmul
                0x080004d0                __divsf3
                0x080004d0                __aeabi_fdiv
 .text          0x08000608       0x4c /home/mati/st/stm32cubeide_1.18.1/plugins/com.st.stm32cube.ide.mcu.externaltools.gnu-tools-for-stm32.13.3.rel1.linux64_1.0.0.202410170706/tools/bin/../lib/gcc/arm-none-eabi/13.3.1/thumb/v7-m/nofp/libgcc.a(_arm_fixsfsi.o)
                0x08000608                __fixsfsi
                0x08000608                __aeabi_f2iz
 *(.text*)
 .text.TMC2209_create
                0x08000654       0x54 ./Core/Src/TMC2209.o
                0x08000654                TMC2209_create
 .text.TMC2209_enable
                0x080006a8       0x2a ./Core/Src/TMC2209.o
                0x080006a8                TMC2209_enable
 .text.TMC2209_disable
                0x080006d2       0x20 ./Core/Src/TMC2209.o
                0x080006d2                TMC2209_disable
 .text.TMC2209_setRunCurrent
                0x080006f2       0x38 ./Core/Src/TMC2209.o
                0x080006f2                TMC2209_setRunCurrent
 .text.TMC2209_disableAutomaticCurrentScaling
                0x0800072a       0x20 ./Core/Src/TMC2209.o
                0x0800072a                TMC2209_disableAutomaticCurrentScaling
 .text.TMC2209_disableAutomaticGradientAdaptation
                0x0800074a       0x20 ./Core/Src/TMC2209.o
                0x0800074a                TMC2209_disableAutomaticGradientAdaptation
 .text.TMC2209_moveAtVelocity
                0x0800076a       0x1e ./Core/Src/TMC2209.o
                0x0800076a                TMC2209_moveAtVelocity
 .text.TMC2209_enableStealthChop
                0x08000788       0x20 ./Core/Src/TMC2209.o
                0x08000788                TMC2209_enableStealthChop
 .text.TMC2209_disableStealthChop
                0x080007a8       0x20 ./Core/Src/TMC2209.o
                0x080007a8                TMC2209_disableStealthChop
 .text.TMC2209_clearDriveError
                0x080007c8       0x28 ./Core/Src/TMC2209.o
                0x080007c8                TMC2209_clearDriveError
 .text.serialWrite
                0x080007f0       0x34 ./Core/Src/TMC2209.o
 .text.minimizeMotorCurrent
                0x08000824       0x2a ./Core/Src/TMC2209.o
 .text.reverseData
                0x0800084e       0x52 ./Core/Src/TMC2209.o
 .text.calculateCrc
                0x080008a0       0x9e ./Core/Src/TMC2209.o
 .text.sendDatagramUnidirectional
                0x0800093e       0xca ./Core/Src/TMC2209.o
 .text.writeRegister
                0x08000a08       0x76 ./Core/Src/TMC2209.o
 .text.percentToCurrentSetting
                0x08000a7e       0x38 ./Core/Src/TMC2209.o
 .text.writeStoredGlobalConfig
                0x08000ab6       0x1e ./Core/Src/TMC2209.o
 .text.writeStoredDriverCurrent
                0x08000ad4       0x58 ./Core/Src/TMC2209.o
 .text.writeStoredChopperConfig
                0x08000b2c       0x1e ./Core/Src/TMC2209.o
 .text.writeStoredPwmConfig
                0x08000b4a       0x1e ./Core/Src/TMC2209.o
 .text.constrain_uint32
                0x08000b68       0x2c ./Core/Src/TMC2209.o
 .text.map_uint8
                0x08000b94       0x4a ./Core/Src/TMC2209.o
 *fill*         0x08000bde        0x2 
 .text.TMC2209_init
                0x08000be0      0x150 ./Core/Src/TMC2209.o
                0x08000be0                TMC2209_init
 .text.MX_GPIO_Init
                0x08000d30       0xac ./Core/Src/gpio.o
                0x08000d30                MX_GPIO_Init
 .text.Lcd_create
                0x08000ddc       0x56 ./Core/Src/lcd.o
                0x08000ddc                Lcd_create
 .text.Lcd_init
                0x08000e32       0x52 ./Core/Src/lcd.o
                0x08000e32                Lcd_init
 .text.Lcd_cursor
                0x08000e84       0x34 ./Core/Src/lcd.o
                0x08000e84                Lcd_cursor
 .text.lcd_write_command
                0x08000eb8       0x5c ./Core/Src/lcd.o
 .text.lcd_write
                0x08000f14       0x80 ./Core/Src/lcd.o
 .text.main     0x08000f94      0x2c4 ./Core/Src/main.o
                0x08000f94                main
 .text.SystemClock_Config
                0x08001258       0x76 ./Core/Src/main.o
                0x08001258                SystemClock_Config
 .text.Error_Handler
                0x080012ce        0xc ./Core/Src/main.o
                0x080012ce                Error_Handler
 *fill*         0x080012da        0x2 
 .text.HAL_MspInit
                0x080012dc       0x64 ./Core/Src/stm32f1xx_hal_msp.o
                0x080012dc                HAL_MspInit
 .text.NMI_Handler
                0x08001340        0x8 ./Core/Src/stm32f1xx_it.o
                0x08001340                NMI_Handler
 .text.HardFault_Handler
                0x08001348        0x8 ./Core/Src/stm32f1xx_it.o
                0x08001348                HardFault_Handler
 .text.MemManage_Handler
                0x08001350        0x8 ./Core/Src/stm32f1xx_it.o
                0x08001350                MemManage_Handler
 .text.BusFault_Handler
                0x08001358        0x8 ./Core/Src/stm32f1xx_it.o
                0x08001358                BusFault_Handler
 .text.UsageFault_Handler
                0x08001360        0x8 ./Core/Src/stm32f1xx_it.o
                0x08001360                UsageFault_Handler
 .text.SVC_Handler
                0x08001368        0xc ./Core/Src/stm32f1xx_it.o
                0x08001368                SVC_Handler
 .text.DebugMon_Handler
                0x08001374        0xc ./Core/Src/stm32f1xx_it.o
                0x08001374                DebugMon_Handler
 .text.PendSV_Handler
                0x08001380        0xc ./Core/Src/stm32f1xx_it.o
                0x08001380                PendSV_Handler
 .text.SysTick_Handler
                0x0800138c        0xc ./Core/Src/stm32f1xx_it.o
                0x0800138c                SysTick_Handler
 .text.SystemInit
                0x08001398        0xc ./Core/Src/system_stm32f1xx.o
                0x08001398                SystemInit
 .text.MX_USART2_UART_Init
                0x080013a4       0x54 ./Core/Src/usart.o
                0x080013a4                MX_USART2_UART_Init
 .text.HAL_UART_MspInit
                0x080013f8       0x94 ./Core/Src/usart.o
                0x080013f8                HAL_UART_MspInit
 .text.Reset_Handler
                0x0800148c       0x48 ./Core/Startup/startup_stm32f103c8tx.o
                0x0800148c                Reset_Handler
 .text.Default_Handler
                0x080014d4        0x2 ./Core/Startup/startup_stm32f103c8tx.o
                0x080014d4                RTC_Alarm_IRQHandler
                0x080014d4                EXTI2_IRQHandler
                0x080014d4                TIM1_CC_IRQHandler
                0x080014d4                PVD_IRQHandler
                0x080014d4                EXTI3_IRQHandler
                0x080014d4                EXTI0_IRQHandler
                0x080014d4                I2C2_EV_IRQHandler
                0x080014d4                ADC1_2_IRQHandler
                0x080014d4                SPI1_IRQHandler
                0x080014d4                TAMPER_IRQHandler
                0x080014d4                DMA1_Channel4_IRQHandler
                0x080014d4                USART3_IRQHandler
                0x080014d4                RTC_IRQHandler
                0x080014d4                DMA1_Channel7_IRQHandler
                0x080014d4                CAN1_RX1_IRQHandler
                0x080014d4                TIM4_IRQHandler
                0x080014d4                I2C1_EV_IRQHandler
                0x080014d4                DMA1_Channel6_IRQHandler
                0x080014d4                TIM3_IRQHandler
                0x080014d4                RCC_IRQHandler
                0x080014d4                TIM1_TRG_COM_IRQHandler
                0x080014d4                DMA1_Channel1_IRQHandler
                0x080014d4                Default_Handler
                0x080014d4                EXTI15_10_IRQHandler
                0x080014d4                EXTI9_5_IRQHandler
                0x080014d4                SPI2_IRQHandler
                0x080014d4                DMA1_Channel5_IRQHandler
                0x080014d4                EXTI4_IRQHandler
                0x080014d4                USB_LP_CAN1_RX0_IRQHandler
                0x080014d4                USB_HP_CAN1_TX_IRQHandler
                0x080014d4                DMA1_Channel3_IRQHandler
                0x080014d4                TIM1_UP_IRQHandler
                0x080014d4                WWDG_IRQHandler
                0x080014d4                TIM2_IRQHandler
                0x080014d4                TIM1_BRK_IRQHandler
                0x080014d4                EXTI1_IRQHandler
                0x080014d4                USART2_IRQHandler
                0x080014d4                I2C2_ER_IRQHandler
                0x080014d4                DMA1_Channel2_IRQHandler
                0x080014d4                CAN1_SCE_IRQHandler
                0x080014d4                FLASH_IRQHandler
                0x080014d4                USART1_IRQHandler
                0x080014d4                I2C1_ER_IRQHandler
                0x080014d4                USBWakeUp_IRQHandler
 *fill*         0x080014d6        0x2 
 .text.HAL_Init
                0x080014d8       0x2c ./Drivers/STM32F1xx_HAL_Driver/Src/stm32f1xx_hal.o
                0x080014d8                HAL_Init
 .text.HAL_InitTick
                0x08001504       0x60 ./Drivers/STM32F1xx_HAL_Driver/Src/stm32f1xx_hal.o
                0x08001504                HAL_InitTick
 .text.HAL_IncTick
                0x08001564       0x24 ./Drivers/STM32F1xx_HAL_Driver/Src/stm32f1xx_hal.o
                0x08001564                HAL_IncTick
 .text.HAL_GetTick
                0x08001588       0x14 ./Drivers/STM32F1xx_HAL_Driver/Src/stm32f1xx_hal.o
                0x08001588                HAL_GetTick
 .text.HAL_Delay
                0x0800159c       0x48 ./Drivers/STM32F1xx_HAL_Driver/Src/stm32f1xx_hal.o
                0x0800159c                HAL_Delay
 .text.__NVIC_SetPriorityGrouping
                0x080015e4       0x48 ./Drivers/STM32F1xx_HAL_Driver/Src/stm32f1xx_hal_cortex.o
 .text.__NVIC_GetPriorityGrouping
                0x0800162c       0x1c ./Drivers/STM32F1xx_HAL_Driver/Src/stm32f1xx_hal_cortex.o
 .text.__NVIC_SetPriority
                0x08001648       0x54 ./Drivers/STM32F1xx_HAL_Driver/Src/stm32f1xx_hal_cortex.o
 .text.NVIC_EncodePriority
                0x0800169c       0x64 ./Drivers/STM32F1xx_HAL_Driver/Src/stm32f1xx_hal_cortex.o
 .text.SysTick_Config
                0x08001700       0x44 ./Drivers/STM32F1xx_HAL_Driver/Src/stm32f1xx_hal_cortex.o
 .text.HAL_NVIC_SetPriorityGrouping
                0x08001744       0x16 ./Drivers/STM32F1xx_HAL_Driver/Src/stm32f1xx_hal_cortex.o
                0x08001744                HAL_NVIC_SetPriorityGrouping
 .text.HAL_NVIC_SetPriority
                0x0800175a       0x38 ./Drivers/STM32F1xx_HAL_Driver/Src/stm32f1xx_hal_cortex.o
                0x0800175a                HAL_NVIC_SetPriority
 .text.HAL_SYSTICK_Config
                0x08001792       0x18 ./Drivers/STM32F1xx_HAL_Driver/Src/stm32f1xx_hal_cortex.o
                0x08001792                HAL_SYSTICK_Config
 *fill*         0x080017aa        0x2 
 .text.HAL_GPIO_Init
                0x080017ac      0x308 ./Drivers/STM32F1xx_HAL_Driver/Src/stm32f1xx_hal_gpio.o
                0x080017ac                HAL_GPIO_Init
 .text.HAL_GPIO_WritePin
                0x08001ab4       0x30 ./Drivers/STM32F1xx_HAL_Driver/Src/stm32f1xx_hal_gpio.o
                0x08001ab4                HAL_GPIO_WritePin
 .text.HAL_RCC_OscConfig
                0x08001ae4      0x504 ./Drivers/STM32F1xx_HAL_Driver/Src/stm32f1xx_hal_rcc.o
                0x08001ae4                HAL_RCC_OscConfig
 .text.HAL_RCC_ClockConfig
                0x08001fe8      0x1d4 ./Drivers/STM32F1xx_HAL_Driver/Src/stm32f1xx_hal_rcc.o
                0x08001fe8                HAL_RCC_ClockConfig
 .text.HAL_RCC_GetSysClockFreq
                0x080021bc       0xa8 ./Drivers/STM32F1xx_HAL_Driver/Src/stm32f1xx_hal_rcc.o
                0x080021bc                HAL_RCC_GetSysClockFreq
 .text.HAL_RCC_GetHCLKFreq
                0x08002264       0x14 ./Drivers/STM32F1xx_HAL_Driver/Src/stm32f1xx_hal_rcc.o
                0x08002264                HAL_RCC_GetHCLKFreq
 .text.HAL_RCC_GetPCLK1Freq
                0x08002278       0x28 ./Drivers/STM32F1xx_HAL_Driver/Src/stm32f1xx_hal_rcc.o
                0x08002278                HAL_RCC_GetPCLK1Freq
 .text.HAL_RCC_GetPCLK2Freq
                0x080022a0       0x28 ./Drivers/STM32F1xx_HAL_Driver/Src/stm32f1xx_hal_rcc.o
                0x080022a0                HAL_RCC_GetPCLK2Freq
 .text.RCC_Delay
                0x080022c8       0x3c ./Drivers/STM32F1xx_HAL_Driver/Src/stm32f1xx_hal_rcc.o
 .text.HAL_UART_Init
                0x08002304       0xa0 ./Drivers/STM32F1xx_HAL_Driver/Src/stm32f1xx_hal_uart.o
                0x08002304                HAL_UART_Init
 .text.HAL_UART_Transmit
                0x080023a4      0x116 ./Drivers/STM32F1xx_HAL_Driver/Src/stm32f1xx_hal_uart.o
                0x080023a4                HAL_UART_Transmit
 .text.UART_WaitOnFlagUntilTimeout
                0x080024ba       0xb2 ./Drivers/STM32F1xx_HAL_Driver/Src/stm32f1xx_hal_uart.o
 .text.UART_EndRxTransfer
                0x0800256c       0xc4 ./Drivers/STM32F1xx_HAL_Driver/Src/stm32f1xx_hal_uart.o
 .text.UART_SetConfig
                0x08002630      0x11c ./Drivers/STM32F1xx_HAL_Driver/Src/stm32f1xx_hal_uart.o
 .text.memset   0x0800274c       0x10 /home/mati/st/stm32cubeide_1.18.1/plugins/com.st.stm32cube.ide.mcu.externaltools.gnu-tools-for-stm32.13.3.rel1.linux64_1.0.0.202410170706/tools/bin/../lib/gcc/arm-none-eabi/13.3.1/../../../../arm-none-eabi/lib/thumb/v7-m/nofp/libc_nano.a(libc_a-memset.o)
                0x0800274c                memset
 .text.__libc_init_array
                0x0800275c       0x48 /home/mati/st/stm32cubeide_1.18.1/plugins/com.st.stm32cube.ide.mcu.externaltools.gnu-tools-for-stm32.13.3.rel1.linux64_1.0.0.202410170706/tools/bin/../lib/gcc/arm-none-eabi/13.3.1/../../../../arm-none-eabi/lib/thumb/v7-m/nofp/libc_nano.a(libc_a-init.o)
                0x0800275c                __libc_init_array
 *(.glue_7)
 .glue_7        0x080027a4        0x0 linker stubs
 *(.glue_7t)
 .glue_7t       0x080027a4        0x0 linker stubs
 *(.eh_frame)
 .eh_frame      0x080027a4        0x0 /home/mati/st/stm32cubeide_1.18.1/plugins/com.st.stm32cube.ide.mcu.externaltools.gnu-tools-for-stm32.13.3.rel1.linux64_1.0.0.202410170706/tools/bin/../lib/gcc/arm-none-eabi/13.3.1/thumb/v7-m/nofp/crtbegin.o
 *(.init)
 .init          0x080027a4        0x4 /home/mati/st/stm32cubeide_1.18.1/plugins/com.st.stm32cube.ide.mcu.externaltools.gnu-tools-for-stm32.13.3.rel1.linux64_1.0.0.202410170706/tools/bin/../lib/gcc/arm-none-eabi/13.3.1/thumb/v7-m/nofp/crti.o
                0x080027a4                _init
 .init          0x080027a8        0x8 /home/mati/st/stm32cubeide_1.18.1/plugins/com.st.stm32cube.ide.mcu.externaltools.gnu-tools-for-stm32.13.3.rel1.linux64_1.0.0.202410170706/tools/bin/../lib/gcc/arm-none-eabi/13.3.1/thumb/v7-m/nofp/crtn.o
 *(.fini)
 .fini          0x080027b0        0x4 /home/mati/st/stm32cubeide_1.18.1/plugins/com.st.stm32cube.ide.mcu.externaltools.gnu-tools-for-stm32.13.3.rel1.linux64_1.0.0.202410170706/tools/bin/../lib/gcc/arm-none-eabi/13.3.1/thumb/v7-m/nofp/crti.o
                0x080027b0                _fini
 .fini          0x080027b4        0x8 /home/mati/st/stm32cubeide_1.18.1/plugins/com.st.stm32cube.ide.mcu.externaltools.gnu-tools-for-stm32.13.3.rel1.linux64_1.0.0.202410170706/tools/bin/../lib/gcc/arm-none-eabi/13.3.1/thumb/v7-m/nofp/crtn.o
                0x080027bc                        . = ALIGN (0x4)
                0x080027bc                        _etext = .

.vfp11_veneer   0x080027bc        0x0
 .vfp11_veneer  0x080027bc        0x0 linker stubs

.v4_bx          0x080027bc        0x0
 .v4_bx         0x080027bc        0x0 linker stubs

.iplt           0x080027bc        0x0
 .iplt          0x080027bc        0x0 /home/mati/st/stm32cubeide_1.18.1/plugins/com.st.stm32cube.ide.mcu.externaltools.gnu-tools-for-stm32.13.3.rel1.linux64_1.0.0.202410170706/tools/bin/../lib/gcc/arm-none-eabi/13.3.1/thumb/v7-m/nofp/crtbegin.o

.rodata         0x080027bc       0x48
                0x080027bc                        . = ALIGN (0x4)
 *(.rodata)
 .rodata        0x080027bc       0x18 ./Core/Src/main.o
 *(.rodata*)
 .rodata.ROW_16
                0x080027d4        0x4 ./Core/Src/lcd.o
                0x080027d4                ROW_16
 .rodata.AHBPrescTable
                0x080027d8       0x10 ./Core/Src/system_stm32f1xx.o
                0x080027d8                AHBPrescTable
 .rodata.APBPrescTable
                0x080027e8        0x8 ./Core/Src/system_stm32f1xx.o
                0x080027e8                APBPrescTable
 .rodata.aPLLMULFactorTable.1
                0x080027f0       0x10 ./Drivers/STM32F1xx_HAL_Driver/Src/stm32f1xx_hal_rcc.o
 .rodata.aPredivFactorTable.0
                0x08002800        0x2 ./Drivers/STM32F1xx_HAL_Driver/Src/stm32f1xx_hal_rcc.o
                0x08002804                        . = ALIGN (0x4)
 *fill*         0x08002802        0x2 

.ARM.extab      0x08002804        0x0
                0x08002804                        . = ALIGN (0x4)
 *(.ARM.extab* .gnu.linkonce.armextab.*)
                0x08002804                        . = ALIGN (0x4)

.ARM            0x08002804        0x0
                0x08002804                        . = ALIGN (0x4)
                0x08002804                        __exidx_start = .
 *(.ARM.exidx*)
                0x08002804                        __exidx_end = .
                0x08002804                        . = ALIGN (0x4)

.preinit_array  0x08002804        0x0
                0x08002804                        . = ALIGN (0x4)
                0x08002804                        PROVIDE (__preinit_array_start = .)
 *(.preinit_array*)
                0x08002804                        PROVIDE (__preinit_array_end = .)
                0x08002804                        . = ALIGN (0x4)

.init_array     0x08002804        0x4
                0x08002804                        . = ALIGN (0x4)
                0x08002804                        PROVIDE (__init_array_start = .)
 *(SORT_BY_NAME(.init_array.*))
 *(.init_array*)
 .init_array    0x08002804        0x4 /home/mati/st/stm32cubeide_1.18.1/plugins/com.st.stm32cube.ide.mcu.externaltools.gnu-tools-for-stm32.13.3.rel1.linux64_1.0.0.202410170706/tools/bin/../lib/gcc/arm-none-eabi/13.3.1/thumb/v7-m/nofp/crtbegin.o
                0x08002808                        PROVIDE (__init_array_end = .)
                0x08002808                        . = ALIGN (0x4)

.fini_array     0x08002808        0x4
                0x08002808                        . = ALIGN (0x4)
                [!provide]                        PROVIDE (__fini_array_start = .)
 *(SORT_BY_NAME(.fini_array.*))
 *(.fini_array*)
 .fini_array    0x08002808        0x4 /home/mati/st/stm32cubeide_1.18.1/plugins/com.st.stm32cube.ide.mcu.externaltools.gnu-tools-for-stm32.13.3.rel1.linux64_1.0.0.202410170706/tools/bin/../lib/gcc/arm-none-eabi/13.3.1/thumb/v7-m/nofp/crtbegin.o
                [!provide]                        PROVIDE (__fini_array_end = .)
                0x0800280c                        . = ALIGN (0x4)
                0x0800280c                        _sidata = LOADADDR (.data)

.rel.dyn        0x0800280c        0x0
 .rel.iplt      0x0800280c        0x0 /home/mati/st/stm32cubeide_1.18.1/plugins/com.st.stm32cube.ide.mcu.externaltools.gnu-tools-for-stm32.13.3.rel1.linux64_1.0.0.202410170706/tools/bin/../lib/gcc/arm-none-eabi/13.3.1/thumb/v7-m/nofp/crtbegin.o

.data           0x20000000        0xc load address 0x0800280c
                0x20000000                        . = ALIGN (0x4)
                0x20000000                        _sdata = .
 *(.data)
 *(.data*)
 .data.SystemCoreClock
                0x20000000        0x4 ./Core/Src/system_stm32f1xx.o
                0x20000000                SystemCoreClock
 .data.uwTickPrio
                0x20000004        0x4 ./Drivers/STM32F1xx_HAL_Driver/Src/stm32f1xx_hal.o
                0x20000004                uwTickPrio
 .data.uwTickFreq
                0x20000008        0x1 ./Drivers/STM32F1xx_HAL_Driver/Src/stm32f1xx_hal.o
                0x20000008                uwTickFreq
 *(.RamFunc)
 *(.RamFunc*)
                0x2000000c                        . = ALIGN (0x4)
 *fill*         0x20000009        0x3 
                0x2000000c                        _edata = .

.igot.plt       0x2000000c        0x0 load address 0x08002818
 .igot.plt      0x2000000c        0x0 /home/mati/st/stm32cubeide_1.18.1/plugins/com.st.stm32cube.ide.mcu.externaltools.gnu-tools-for-stm32.13.3.rel1.linux64_1.0.0.202410170706/tools/bin/../lib/gcc/arm-none-eabi/13.3.1/thumb/v7-m/nofp/crtbegin.o
                0x2000000c                        . = ALIGN (0x4)

.bss            0x2000000c       0xa0 load address 0x08002818
                0x2000000c                        _sbss = .
                0x2000000c                        __bss_start__ = _sbss
 *(.bss)
 .bss           0x2000000c       0x1c /home/mati/st/stm32cubeide_1.18.1/plugins/com.st.stm32cube.ide.mcu.externaltools.gnu-tools-for-stm32.13.3.rel1.linux64_1.0.0.202410170706/tools/bin/../lib/gcc/arm-none-eabi/13.3.1/thumb/v7-m/nofp/crtbegin.o
 *(.bss*)
 .bss.htmc      0x20000028       0x20 ./Core/Src/main.o
                0x20000028                htmc
 .bss.lcd       0x20000048       0x18 ./Core/Src/main.o
                0x20000048                lcd
 .bss.huart2    0x20000060       0x48 ./Core/Src/usart.o
                0x20000060                huart2
 .bss.uwTick    0x200000a8        0x4 ./Drivers/STM32F1xx_HAL_Driver/Src/stm32f1xx_hal.o
                0x200000a8                uwTick
 *(COMMON)
                0x200000ac                        . = ALIGN (0x4)
                0x200000ac                        _ebss = .
                0x200000ac                        __bss_end__ = _ebss

._user_heap_stack
                0x200000ac      0x604 load address 0x08002818
                0x200000b0                        . = ALIGN (0x8)
 *fill*         0x200000ac        0x4 
                [!provide]                        PROVIDE (end = .)
                0x200000b0                        PROVIDE (_end = .)
                0x200002b0                        . = (. + _Min_Heap_Size)
 *fill*         0x200000b0      0x200 
                0x200006b0                        . = (. + _Min_Stack_Size)
 *fill*         0x200002b0      0x400 
                0x200006b0                        . = ALIGN (0x8)

/DISCARD/
 libc.a(*)
 libm.a(*)
 libgcc.a(*)

.ARM.attributes
                0x00000000       0x29
 *(.ARM.attributes)
 .ARM.attributes
                0x00000000       0x1d /home/mati/st/stm32cubeide_1.18.1/plugins/com.st.stm32cube.ide.mcu.externaltools.gnu-tools-for-stm32.13.3.rel1.linux64_1.0.0.202410170706/tools/bin/../lib/gcc/arm-none-eabi/13.3.1/thumb/v7-m/nofp/crti.o
 .ARM.attributes
                0x0000001d       0x2d /home/mati/st/stm32cubeide_1.18.1/plugins/com.st.stm32cube.ide.mcu.externaltools.gnu-tools-for-stm32.13.3.rel1.linux64_1.0.0.202410170706/tools/bin/../lib/gcc/arm-none-eabi/13.3.1/thumb/v7-m/nofp/crtbegin.o
 .ARM.attributes
                0x0000004a       0x2d ./Core/Src/TMC2209.o
 .ARM.attributes
                0x00000077       0x2d ./Core/Src/gpio.o
 .ARM.attributes
                0x000000a4       0x2d ./Core/Src/lcd.o
 .ARM.attributes
                0x000000d1       0x2d ./Core/Src/main.o
 .ARM.attributes
                0x000000fe       0x2d ./Core/Src/stm32f1xx_hal_msp.o
 .ARM.attributes
                0x0000012b       0x2d ./Core/Src/stm32f1xx_it.o
 .ARM.attributes
                0x00000158       0x2d ./Core/Src/system_stm32f1xx.o
 .ARM.attributes
                0x00000185       0x2d ./Core/Src/usart.o
 .ARM.attributes
                0x000001b2       0x21 ./Core/Startup/startup_stm32f103c8tx.o
 .ARM.attributes
                0x000001d3       0x2d ./Drivers/STM32F1xx_HAL_Driver/Src/stm32f1xx_hal.o
 .ARM.attributes
                0x00000200       0x2d ./Drivers/STM32F1xx_HAL_Driver/Src/stm32f1xx_hal_cortex.o
 .ARM.attributes
                0x0000022d       0x2d ./Drivers/STM32F1xx_HAL_Driver/Src/stm32f1xx_hal_gpio.o
 .ARM.attributes
                0x0000025a       0x2d ./Drivers/STM32F1xx_HAL_Driver/Src/stm32f1xx_hal_rcc.o
 .ARM.attributes
                0x00000287       0x2d ./Drivers/STM32F1xx_HAL_Driver/Src/stm32f1xx_hal_uart.o
 .ARM.attributes
                0x000002b4       0x2d /home/mati/st/stm32cubeide_1.18.1/plugins/com.st.stm32cube.ide.mcu.externaltools.gnu-tools-for-stm32.13.3.rel1.linux64_1.0.0.202410170706/tools/bin/../lib/gcc/arm-none-eabi/13.3.1/../../../../arm-none-eabi/lib/thumb/v7-m/nofp/libc_nano.a(libc_a-memset.o)
 .ARM.attributes
                0x000002e1       0x2d /home/mati/st/stm32cubeide_1.18.1/plugins/com.st.stm32cube.ide.mcu.externaltools.gnu-tools-for-stm32.13.3.rel1.linux64_1.0.0.202410170706/tools/bin/../lib/gcc/arm-none-eabi/13.3.1/../../../../arm-none-eabi/lib/thumb/v7-m/nofp/libc_nano.a(libc_a-init.o)
 .ARM.attributes
                0x0000030e       0x1d /home/mati/st/stm32cubeide_1.18.1/plugins/com.st.stm32cube.ide.mcu.externaltools.gnu-tools-for-stm32.13.3.rel1.linux64_1.0.0.202410170706/tools/bin/../lib/gcc/arm-none-eabi/13.3.1/thumb/v7-m/nofp/libgcc.a(_arm_addsubsf3.o)
 .ARM.attributes
                0x0000032b       0x1d /home/mati/st/stm32cubeide_1.18.1/plugins/com.st.stm32cube.ide.mcu.externaltools.gnu-tools-for-stm32.13.3.rel1.linux64_1.0.0.202410170706/tools/bin/../lib/gcc/arm-none-eabi/13.3.1/thumb/v7-m/nofp/libgcc.a(_arm_muldivsf3.o)
 .ARM.attributes
                0x00000348       0x1d /home/mati/st/stm32cubeide_1.18.1/plugins/com.st.stm32cube.ide.mcu.externaltools.gnu-tools-for-stm32.13.3.rel1.linux64_1.0.0.202410170706/tools/bin/../lib/gcc/arm-none-eabi/13.3.1/thumb/v7-m/nofp/libgcc.a(_arm_fixsfsi.o)
 .ARM.attributes
                0x00000365       0x1d /home/mati/st/stm32cubeide_1.18.1/plugins/com.st.stm32cube.ide.mcu.externaltools.gnu-tools-for-stm32.13.3.rel1.linux64_1.0.0.202410170706/tools/bin/../lib/gcc/arm-none-eabi/13.3.1/thumb/v7-m/nofp/crtn.o
OUTPUT(project.elf elf32-littlearm)
LOAD linker stubs
LOAD /home/mati/st/stm32cubeide_1.18.1/plugins/com.st.stm32cube.ide.mcu.externaltools.gnu-tools-for-stm32.13.3.rel1.linux64_1.0.0.202410170706/tools/bin/../lib/gcc/arm-none-eabi/13.3.1/../../../../arm-none-eabi/lib/thumb/v7-m/nofp/libc.a
LOAD /home/mati/st/stm32cubeide_1.18.1/plugins/com.st.stm32cube.ide.mcu.externaltools.gnu-tools-for-stm32.13.3.rel1.linux64_1.0.0.202410170706/tools/bin/../lib/gcc/arm-none-eabi/13.3.1/../../../../arm-none-eabi/lib/thumb/v7-m/nofp/libm.a
LOAD /home/mati/st/stm32cubeide_1.18.1/plugins/com.st.stm32cube.ide.mcu.externaltools.gnu-tools-for-stm32.13.3.rel1.linux64_1.0.0.202410170706/tools/bin/../lib/gcc/arm-none-eabi/13.3.1/thumb/v7-m/nofp/libgcc.a

.debug_info     0x00000000     0x964a
 .debug_info    0x00000000     0x2447 ./Core/Src/TMC2209.o
 .debug_info    0x00002447      0x29b ./Core/Src/gpio.o
 .debug_info    0x000026e2      0x58e ./Core/Src/lcd.o
 .debug_info    0x00002c70      0xef4 ./Core/Src/main.o
 .debug_info    0x00003b64      0x1f1 ./Core/Src/stm32f1xx_hal_msp.o
 .debug_info    0x00003d55      0x113 ./Core/Src/stm32f1xx_it.o
 .debug_info    0x00003e68      0x222 ./Core/Src/system_stm32f1xx.o
 .debug_info    0x0000408a      0x798 ./Core/Src/usart.o
 .debug_info    0x00004822       0x30 ./Core/Startup/startup_stm32f103c8tx.o
 .debug_info    0x00004852      0x704 ./Drivers/STM32F1xx_HAL_Driver/Src/stm32f1xx_hal.o
 .debug_info    0x00004f56      0xa87 ./Drivers/STM32F1xx_HAL_Driver/Src/stm32f1xx_hal_cortex.o
 .debug_info    0x000059dd      0x5ab ./Drivers/STM32F1xx_HAL_Driver/Src/stm32f1xx_hal_gpio.o
 .debug_info    0x00005f88      0x7d5 ./Drivers/STM32F1xx_HAL_Driver/Src/stm32f1xx_hal_rcc.o
 .debug_info    0x0000675d     0x2eed ./Drivers/STM32F1xx_HAL_Driver/Src/stm32f1xx_hal_uart.o

.debug_abbrev   0x00000000     0x1ab5
 .debug_abbrev  0x00000000      0x36c ./Core/Src/TMC2209.o
 .debug_abbrev  0x0000036c      0x13f ./Core/Src/gpio.o
 .debug_abbrev  0x000004ab      0x205 ./Core/Src/lcd.o
 .debug_abbrev  0x000006b0      0x300 ./Core/Src/main.o
 .debug_abbrev  0x000009b0       0xdb ./Core/Src/stm32f1xx_hal_msp.o
 .debug_abbrev  0x00000a8b       0x73 ./Core/Src/stm32f1xx_it.o
 .debug_abbrev  0x00000afe      0x13f ./Core/Src/system_stm32f1xx.o
 .debug_abbrev  0x00000c3d      0x1e6 ./Core/Src/usart.o
 .debug_abbrev  0x00000e23       0x24 ./Core/Startup/startup_stm32f103c8tx.o
 .debug_abbrev  0x00000e47      0x201 ./Drivers/STM32F1xx_HAL_Driver/Src/stm32f1xx_hal.o
 .debug_abbrev  0x00001048      0x2f8 ./Drivers/STM32F1xx_HAL_Driver/Src/stm32f1xx_hal_cortex.o
 .debug_abbrev  0x00001340      0x1ca ./Drivers/STM32F1xx_HAL_Driver/Src/stm32f1xx_hal_gpio.o
 .debug_abbrev  0x0000150a      0x2b3 ./Drivers/STM32F1xx_HAL_Driver/Src/stm32f1xx_hal_rcc.o
 .debug_abbrev  0x000017bd      0x2f8 ./Drivers/STM32F1xx_HAL_Driver/Src/stm32f1xx_hal_uart.o

.debug_aranges  0x00000000      0x958
 .debug_aranges
                0x00000000      0x2d0 ./Core/Src/TMC2209.o
 .debug_aranges
                0x000002d0       0x20 ./Core/Src/gpio.o
 .debug_aranges
                0x000002f0       0x68 ./Core/Src/lcd.o
 .debug_aranges
                0x00000358       0x30 ./Core/Src/main.o
 .debug_aranges
                0x00000388       0x20 ./Core/Src/stm32f1xx_hal_msp.o
 .debug_aranges
                0x000003a8       0x60 ./Core/Src/stm32f1xx_it.o
 .debug_aranges
                0x00000408       0x28 ./Core/Src/system_stm32f1xx.o
 .debug_aranges
                0x00000430       0x30 ./Core/Src/usart.o
 .debug_aranges
                0x00000460       0x28 ./Core/Startup/startup_stm32f103c8tx.o
 .debug_aranges
                0x00000488       0xe0 ./Drivers/STM32F1xx_HAL_Driver/Src/stm32f1xx_hal.o
 .debug_aranges
                0x00000568      0x100 ./Drivers/STM32F1xx_HAL_Driver/Src/stm32f1xx_hal_cortex.o
 .debug_aranges
                0x00000668       0x58 ./Drivers/STM32F1xx_HAL_Driver/Src/stm32f1xx_hal_gpio.o
 .debug_aranges
                0x000006c0       0x90 ./Drivers/STM32F1xx_HAL_Driver/Src/stm32f1xx_hal_rcc.o
 .debug_aranges
                0x00000750      0x208 ./Drivers/STM32F1xx_HAL_Driver/Src/stm32f1xx_hal_uart.o

.debug_rnglists
                0x00000000      0x70e
 .debug_rnglists
                0x00000000      0x222 ./Core/Src/TMC2209.o
 .debug_rnglists
                0x00000222       0x14 ./Core/Src/gpio.o
 .debug_rnglists
                0x00000236       0x4a ./Core/Src/lcd.o
 .debug_rnglists
                0x00000280       0x20 ./Core/Src/main.o
 .debug_rnglists
                0x000002a0       0x13 ./Core/Src/stm32f1xx_hal_msp.o
 .debug_rnglists
                0x000002b3       0x43 ./Core/Src/stm32f1xx_it.o
 .debug_rnglists
                0x000002f6       0x1a ./Core/Src/system_stm32f1xx.o
 .debug_rnglists
                0x00000310       0x20 ./Core/Src/usart.o
 .debug_rnglists
                0x00000330       0x19 ./Core/Startup/startup_stm32f103c8tx.o
 .debug_rnglists
                0x00000349       0xa3 ./Drivers/STM32F1xx_HAL_Driver/Src/stm32f1xx_hal.o
 .debug_rnglists
                0x000003ec       0xbb ./Drivers/STM32F1xx_HAL_Driver/Src/stm32f1xx_hal_cortex.o
 .debug_rnglists
                0x000004a7       0x3f ./Drivers/STM32F1xx_HAL_Driver/Src/stm32f1xx_hal_gpio.o
 .debug_rnglists
                0x000004e6       0x6c ./Drivers/STM32F1xx_HAL_Driver/Src/stm32f1xx_hal_rcc.o
 .debug_rnglists
                0x00000552      0x1bc ./Drivers/STM32F1xx_HAL_Driver/Src/stm32f1xx_hal_uart.o

.debug_macro    0x00000000    0x176ad
 .debug_macro   0x00000000      0x2c4 ./Core/Src/TMC2209.o
 .debug_macro   0x000002c4      0xacc ./Core/Src/TMC2209.o
 .debug_macro   0x00000d90      0x215 ./Core/Src/TMC2209.o
 .debug_macro   0x00000fa5       0x2e ./Core/Src/TMC2209.o
 .debug_macro   0x00000fd3       0x22 ./Core/Src/TMC2209.o
 .debug_macro   0x00000ff5       0x22 ./Core/Src/TMC2209.o
 .debug_macro   0x00001017       0x8e ./Core/Src/TMC2209.o
 .debug_macro   0x000010a5       0x51 ./Core/Src/TMC2209.o
 .debug_macro   0x000010f6      0x103 ./Core/Src/TMC2209.o
 .debug_macro   0x000011f9       0x6a ./Core/Src/TMC2209.o
 .debug_macro   0x00001263      0x1df ./Core/Src/TMC2209.o
 .debug_macro   0x00001442       0x1c ./Core/Src/TMC2209.o
 .debug_macro   0x0000145e       0x22 ./Core/Src/TMC2209.o
 .debug_macro   0x00001480       0xbd ./Core/Src/TMC2209.o
 .debug_macro   0x0000153d      0xd23 ./Core/Src/TMC2209.o
 .debug_macro   0x00002260     0xe09e ./Core/Src/TMC2209.o
 .debug_macro   0x000102fe       0x6d ./Core/Src/TMC2209.o
 .debug_macro   0x0001036b     0x34a2 ./Core/Src/TMC2209.o
 .debug_macro   0x0001380d      0x190 ./Core/Src/TMC2209.o
 .debug_macro   0x0001399d       0x5c ./Core/Src/TMC2209.o
 .debug_macro   0x000139f9      0x5bc ./Core/Src/TMC2209.o
 .debug_macro   0x00013fb5      0x289 ./Core/Src/TMC2209.o
 .debug_macro   0x0001423e      0x1cb ./Core/Src/TMC2209.o
 .debug_macro   0x00014409      0x114 ./Core/Src/TMC2209.o
 .debug_macro   0x0001451d      0x1b2 ./Core/Src/TMC2209.o
 .debug_macro   0x000146cf       0x27 ./Core/Src/TMC2209.o
 .debug_macro   0x000146f6      0x136 ./Core/Src/TMC2209.o
 .debug_macro   0x0001482c      0x1bc ./Core/Src/TMC2209.o
 .debug_macro   0x000149e8       0x34 ./Core/Src/TMC2209.o
 .debug_macro   0x00014a1c       0x3c ./Core/Src/TMC2209.o
 .debug_macro   0x00014a58       0x57 ./Core/Src/TMC2209.o
 .debug_macro   0x00014aaf       0x87 ./Core/Src/TMC2209.o
 .debug_macro   0x00014b36      0x240 ./Core/Src/TMC2209.o
 .debug_macro   0x00014d76      0x140 ./Core/Src/TMC2209.o
 .debug_macro   0x00014eb6      0x28e ./Core/Src/TMC2209.o
 .debug_macro   0x00015144       0x83 ./Core/Src/TMC2209.o
 .debug_macro   0x000151c7       0x61 ./Core/Src/TMC2209.o
 .debug_macro   0x00015228       0x24 ./Core/Src/TMC2209.o
 .debug_macro   0x0001524c       0x43 ./Core/Src/TMC2209.o
 .debug_macro   0x0001528f       0x34 ./Core/Src/TMC2209.o
 .debug_macro   0x000152c3      0x370 ./Core/Src/TMC2209.o
 .debug_macro   0x00015633       0x16 ./Core/Src/TMC2209.o
 .debug_macro   0x00015649       0x4a ./Core/Src/TMC2209.o
 .debug_macro   0x00015693       0x34 ./Core/Src/TMC2209.o
 .debug_macro   0x000156c7       0x10 ./Core/Src/TMC2209.o
 .debug_macro   0x000156d7       0x58 ./Core/Src/TMC2209.o
 .debug_macro   0x0001572f       0x8e ./Core/Src/TMC2209.o
 .debug_macro   0x000157bd       0x1c ./Core/Src/TMC2209.o
 .debug_macro   0x000157d9      0x185 ./Core/Src/TMC2209.o
 .debug_macro   0x0001595e       0x10 ./Core/Src/TMC2209.o
 .debug_macro   0x0001596e       0x3c ./Core/Src/TMC2209.o
 .debug_macro   0x000159aa       0x20 ./Core/Src/TMC2209.o
 .debug_macro   0x000159ca       0x1c ./Core/Src/TMC2209.o
 .debug_macro   0x000159e6       0x10 ./Core/Src/TMC2209.o
 .debug_macro   0x000159f6       0x1c ./Core/Src/TMC2209.o
 .debug_macro   0x00015a12       0x16 ./Core/Src/TMC2209.o
 .debug_macro   0x00015a28      0x146 ./Core/Src/TMC2209.o
 .debug_macro   0x00015b6e       0x52 ./Core/Src/TMC2209.o
 .debug_macro   0x00015bc0       0x22 ./Core/Src/TMC2209.o
 .debug_macro   0x00015be2      0x236 ./Core/Src/TMC2209.o
 .debug_macro   0x00015e18      0x19b ./Core/Src/TMC2209.o
 .debug_macro   0x00015fb3      0x1a7 ./Core/Src/gpio.o
 .debug_macro   0x0001615a       0x4c ./Core/Src/gpio.o
 .debug_macro   0x000161a6      0x2a8 ./Core/Src/lcd.o
 .debug_macro   0x0001644e       0xa0 ./Core/Src/lcd.o
 .debug_macro   0x000164ee      0x2de ./Core/Src/main.o
 .debug_macro   0x000167cc      0x19d ./Core/Src/stm32f1xx_hal_msp.o
 .debug_macro   0x00016969      0x1a7 ./Core/Src/stm32f1xx_it.o
 .debug_macro   0x00016b10      0x18e ./Core/Src/system_stm32f1xx.o
 .debug_macro   0x00016c9e      0x1a7 ./Core/Src/usart.o
 .debug_macro   0x00016e45      0x1b2 ./Drivers/STM32F1xx_HAL_Driver/Src/stm32f1xx_hal.o
 .debug_macro   0x00016ff7      0x18e ./Drivers/STM32F1xx_HAL_Driver/Src/stm32f1xx_hal_cortex.o
 .debug_macro   0x00017185      0x1f9 ./Drivers/STM32F1xx_HAL_Driver/Src/stm32f1xx_hal_gpio.o
 .debug_macro   0x0001737e      0x1a0 ./Drivers/STM32F1xx_HAL_Driver/Src/stm32f1xx_hal_rcc.o
 .debug_macro   0x0001751e      0x18f ./Drivers/STM32F1xx_HAL_Driver/Src/stm32f1xx_hal_uart.o

.debug_line     0x00000000     0x9706
 .debug_line    0x00000000     0x1591 ./Core/Src/TMC2209.o
 .debug_line    0x00001591      0x644 ./Core/Src/gpio.o
 .debug_line    0x00001bd5      0x932 ./Core/Src/lcd.o
 .debug_line    0x00002507      0x910 ./Core/Src/main.o
 .debug_line    0x00002e17      0x629 ./Core/Src/stm32f1xx_hal_msp.o
 .debug_line    0x00003440      0x6d7 ./Core/Src/stm32f1xx_it.o
 .debug_line    0x00003b17      0x6a7 ./Core/Src/system_stm32f1xx.o
 .debug_line    0x000041be      0x69c ./Core/Src/usart.o
 .debug_line    0x0000485a       0x78 ./Core/Startup/startup_stm32f103c8tx.o
 .debug_line    0x000048d2      0x8d8 ./Drivers/STM32F1xx_HAL_Driver/Src/stm32f1xx_hal.o
 .debug_line    0x000051aa      0xaa2 ./Drivers/STM32F1xx_HAL_Driver/Src/stm32f1xx_hal_cortex.o
 .debug_line    0x00005c4c      0x935 ./Drivers/STM32F1xx_HAL_Driver/Src/stm32f1xx_hal_gpio.o
 .debug_line    0x00006581      0xd91 ./Drivers/STM32F1xx_HAL_Driver/Src/stm32f1xx_hal_rcc.o
 .debug_line    0x00007312     0x23f4 ./Drivers/STM32F1xx_HAL_Driver/Src/stm32f1xx_hal_uart.o

.debug_str      0x00000000    0x842cc
 .debug_str     0x00000000    0x842cc ./Core/Src/TMC2209.o
                              0x82aca (size before relaxing)
 .debug_str     0x000842cc    0x7cb99 ./Core/Src/gpio.o
 .debug_str     0x000842cc    0x80605 ./Core/Src/lcd.o
 .debug_str     0x000842cc    0x8165f ./Core/Src/main.o
 .debug_str     0x000842cc    0x7cb21 ./Core/Src/stm32f1xx_hal_msp.o
 .debug_str     0x000842cc    0x7cb36 ./Core/Src/stm32f1xx_it.o
 .debug_str     0x000842cc    0x7ca39 ./Core/Src/system_stm32f1xx.o
 .debug_str     0x000842cc    0x7cfe1 ./Core/Src/usart.o
 .debug_str     0x000842cc       0x63 ./Core/Startup/startup_stm32f103c8tx.o
 .debug_str     0x000842cc    0x7d16c ./Drivers/STM32F1xx_HAL_Driver/Src/stm32f1xx_hal.o
 .debug_str     0x000842cc    0x7d0b8 ./Drivers/STM32F1xx_HAL_Driver/Src/stm32f1xx_hal_cortex.o
 .debug_str     0x000842cc    0x7cdbf ./Drivers/STM32F1xx_HAL_Driver/Src/stm32f1xx_hal_gpio.o
 .debug_str     0x000842cc    0x7ce68 ./Drivers/STM32F1xx_HAL_Driver/Src/stm32f1xx_hal_rcc.o
 .debug_str     0x000842cc    0x7d4d9 ./Drivers/STM32F1xx_HAL_Driver/Src/stm32f1xx_hal_uart.o

.comment        0x00000000       0x43
 .comment       0x00000000       0x43 ./Core/Src/TMC2209.o
                                 0x44 (size before relaxing)
 .comment       0x00000043       0x44 ./Core/Src/gpio.o
 .comment       0x00000043       0x44 ./Core/Src/lcd.o
 .comment       0x00000043       0x44 ./Core/Src/main.o
 .comment       0x00000043       0x44 ./Core/Src/stm32f1xx_hal_msp.o
 .comment       0x00000043       0x44 ./Core/Src/stm32f1xx_it.o
 .comment       0x00000043       0x44 ./Core/Src/system_stm32f1xx.o
 .comment       0x00000043       0x44 ./Core/Src/usart.o
 .comment       0x00000043       0x44 ./Drivers/STM32F1xx_HAL_Driver/Src/stm32f1xx_hal.o
 .comment       0x00000043       0x44 ./Drivers/STM32F1xx_HAL_Driver/Src/stm32f1xx_hal_cortex.o
 .comment       0x00000043       0x44 ./Drivers/STM32F1xx_HAL_Driver/Src/stm32f1xx_hal_gpio.o
 .comment       0x00000043       0x44 ./Drivers/STM32F1xx_HAL_Driver/Src/stm32f1xx_hal_rcc.o
 .comment       0x00000043       0x44 ./Drivers/STM32F1xx_HAL_Driver/Src/stm32f1xx_hal_uart.o

.debug_frame    0x00000000     0x25d0
 .debug_frame   0x00000000      0xcac ./Core/Src/TMC2209.o
 .debug_frame   0x00000cac       0x34 ./Core/Src/gpio.o
 .debug_frame   0x00000ce0      0x180 ./Core/Src/lcd.o
 .debug_frame   0x00000e60       0x70 ./Core/Src/main.o
 .debug_frame   0x00000ed0       0x38 ./Core/Src/stm32f1xx_hal_msp.o
 .debug_frame   0x00000f08      0x104 ./Core/Src/stm32f1xx_it.o
 .debug_frame   0x0000100c       0x58 ./Core/Src/system_stm32f1xx.o
 .debug_frame   0x00001064       0x74 ./Core/Src/usart.o
 .debug_frame   0x000010d8      0x334 ./Drivers/STM32F1xx_HAL_Driver/Src/stm32f1xx_hal.o
 .debug_frame   0x0000140c      0x428 ./Drivers/STM32F1xx_HAL_Driver/Src/stm32f1xx_hal_cortex.o
 .debug_frame   0x00001834      0x14c ./Drivers/STM32F1xx_HAL_Driver/Src/stm32f1xx_hal_gpio.o
 .debug_frame   0x00001980      0x218 ./Drivers/STM32F1xx_HAL_Driver/Src/stm32f1xx_hal_rcc.o
 .debug_frame   0x00001b98      0x944 ./Drivers/STM32F1xx_HAL_Driver/Src/stm32f1xx_hal_uart.o
 .debug_frame   0x000024dc       0x20 /home/mati/st/stm32cubeide_1.18.1/plugins/com.st.stm32cube.ide.mcu.externaltools.gnu-tools-for-stm32.13.3.rel1.linux64_1.0.0.202410170706/tools/bin/../lib/gcc/arm-none-eabi/13.3.1/../../../../arm-none-eabi/lib/thumb/v7-m/nofp/libc_nano.a(libc_a-memset.o)
 .debug_frame   0x000024fc       0x2c /home/mati/st/stm32cubeide_1.18.1/plugins/com.st.stm32cube.ide.mcu.externaltools.gnu-tools-for-stm32.13.3.rel1.linux64_1.0.0.202410170706/tools/bin/../lib/gcc/arm-none-eabi/13.3.1/../../../../arm-none-eabi/lib/thumb/v7-m/nofp/libc_nano.a(libc_a-init.o)
 .debug_frame   0x00002528       0x4c /home/mati/st/stm32cubeide_1.18.1/plugins/com.st.stm32cube.ide.mcu.externaltools.gnu-tools-for-stm32.13.3.rel1.linux64_1.0.0.202410170706/tools/bin/../lib/gcc/arm-none-eabi/13.3.1/thumb/v7-m/nofp/libgcc.a(_arm_addsubsf3.o)
 .debug_frame   0x00002574       0x38 /home/mati/st/stm32cubeide_1.18.1/plugins/com.st.stm32cube.ide.mcu.externaltools.gnu-tools-for-stm32.13.3.rel1.linux64_1.0.0.202410170706/tools/bin/../lib/gcc/arm-none-eabi/13.3.1/thumb/v7-m/nofp/libgcc.a(_arm_muldivsf3.o)
 .debug_frame   0x000025ac       0x24 /home/mati/st/stm32cubeide_1.18.1/plugins/com.st.stm32cube.ide.mcu.externaltools.gnu-tools-for-stm32.13.3.rel1.linux64_1.0.0.202410170706/tools/bin/../lib/gcc/arm-none-eabi/13.3.1/thumb/v7-m/nofp/libgcc.a(_arm_fixsfsi.o)

.debug_line_str
                0x00000000       0x47
 .debug_line_str
                0x00000000       0x47 ./Core/Startup/startup_stm32f103c8tx.o
