../Core/Src/main.c:83:5:main	8	static
../Core/Src/main.c:139:6:SystemClock_Config	88	static
../Core/Src/main.c:184:6:PeriphCommonClock_Config	32	static
../Core/Src/main.c:205:13:MX_I2C1_Init	8	static
../Core/Src/main.c:239:13:MX_I2S2_Init	8	static
../Core/Src/main.c:273:13:MX_I2S3_Init	8	static
../Core/Src/main.c:307:13:MX_SPI1_Init	8	static
../Core/Src/main.c:345:13:MX_TIM3_Init	32	static
../Core/Src/main.c:390:13:MX_TIM4_Init	32	static
../Core/Src/main.c:435:13:MX_GPIO_Init	56	static
../Core/Src/main.c:518:6:Error_Handler	4	static,ignoring_inline_asm
